Archive member included because of file (symbol)

/mnt/d/work/ti/libti99/libti99.a(kscanfast.o)
                              main.o (kscanfast)
/mnt/d/work/ti/libti99/libti99.a(vdp_printf.o)
                              main.o (printf)
/mnt/d/work/ti/libti99/libti99.a(vdp_puts.o)
                              main.o (puts)
/mnt/d/work/ti/libti99/libti99.a(vdp_putchar.o)
                              main.o (putchar)
/mnt/d/work/ti/libti99/libti99.a(vdp_setmode.o)
                              main.o (gImage)
/mnt/d/work/ti/libti99/libti99.a(vdp_memset.o)
                              main.o (vdpmemset)
/mnt/d/work/ti/libti99/libti99.a(vdp_char.o)
                              main.o (vdpchar)
/mnt/d/work/ti/libti99/libti99.a(str_memcmp.o)
                              main.o (memcmp)
/mnt/d/work/ti/libti99/libti99.a(str_memset.o)
                              main.o (memset)
/mnt/d/work/ti/libti99/libti99.a(str_memcpy.o)
                              main.o (memcpy)
/mnt/d/work/ti/libti99/libti99.a(vdp_settext.o)
                              main.o (set_text_raw)
/mnt/d/work/ti/libti99/libti99.a(vdp_charsetlc.o)
                              main.o (charsetlc)
/mnt/d/work/ti/libti99/libti99.a(vdp_memcpy.o)
                              main.o (vdpmemcpy)
/mnt/d/work/ti/libti99/libti99.a(vdp_scrnscroll.o)
                              /mnt/d/work/ti/libti99/libti99.a(vdp_settext.o) (scrn_scroll_default)
/mnt/d/work/ti/libti99/libti99.a(vdp_textdefs.o)
                              main.o (nTextRow)
/mnt/d/work/ti/libti99/libti99.a(vdp_bigbuf.o)
                              main.o (vdp_bigbuf)
/mnt/d/work/ti/libti99/libti99.a(vdp_memread.o)
                              main.o (vdpmemread)
/mnt/d/work/ti/libti99/libti99.a(str_uint2str.o)
                              /mnt/d/work/ti/libti99/libti99.a(vdp_printf.o) (uint2str)
/mnt/d/work/ti/libti99/libti99.a(str_strlen.o)
                              /mnt/d/work/ti/libti99/libti99.a(vdp_printf.o) (strlen)
/mnt/d/work/ti/libti99/libti99.a(str_int2str.o)
                              /mnt/d/work/ti/libti99/libti99.a(vdp_printf.o) (int2str)
/mnt/d/work/ti/libti99/libti99.a(vdp_hexprint.o)
                              /mnt/d/work/ti/libti99/libti99.a(vdp_printf.o) (hexprint)
/mnt/d/work/ti/libti99/libti99.a(vdp_putstring.o)
                              /mnt/d/work/ti/libti99/libti99.a(vdp_puts.o) (putstring)
/mnt/d/work/ti/libti99/libti99.a(vdp_gplvdp.o)
                              /mnt/d/work/ti/libti99/libti99.a(vdp_charsetlc.o) (gplvdp)
/mnt/d/work/ti/libti99/libti99.a(conio_bgcolor.o)
                              /mnt/d/work/ti/libti99/libti99.a(vdp_scrnscroll.o) (conio_scrnCol)

Memory Configuration

Name             Origin             Length             Attributes
*default*        0x0000000000000000 0xffffffffffffffff

Linker script and memory map

LOAD crt0_ea5.o
LOAD main.o
LOAD /mnt/d/work/ti/libti99/libti99.a
Address of section .text set to 0xa000
Address of section .data set to 0x2080
                0x000000000000a000                PROVIDE (__executable_start, 0xa000)
                0x000000000000a074                . = (0xa000 + SIZEOF_HEADERS)

.interp
 *(.interp)

.note.gnu.build-id
 *(.note.gnu.build-id)

.hash
 *(.hash)

.gnu.hash
 *(.gnu.hash)

.dynsym
 *(.dynsym)

.dynstr
 *(.dynstr)

.gnu.version
 *(.gnu.version)

.gnu.version_d
 *(.gnu.version_d)

.gnu.version_r
 *(.gnu.version_r)

.rel.init
 *(.rel.init)

.rela.init
 *(.rela.init)

.rel.text
 *(.rel.text .rel.text.* .rel.gnu.linkonce.t.*)

.rela.text
 *(.rela.text .rela.text.* .rela.gnu.linkonce.t.*)

.rel.fini
 *(.rel.fini)

.rela.fini
 *(.rela.fini)

.rel.rodata
 *(.rel.rodata .rel.rodata.* .rel.gnu.linkonce.r.*)

.rela.rodata
 *(.rela.rodata .rela.rodata.* .rela.gnu.linkonce.r.*)

.rel.data.rel.ro
 *(.rel.data.rel.ro* .rel.gnu.linkonce.d.rel.ro.*)

.rela.data.rel.ro
 *(.rela.data.rel.ro* .rela.gnu.linkonce.d.rel.ro.*)

.rel.data
 *(.rel.data .rel.data.* .rel.gnu.linkonce.d.*)

.rela.data
 *(.rela.data .rela.data.* .rela.gnu.linkonce.d.*)

.rel.tdata
 *(.rel.tdata .rel.tdata.* .rel.gnu.linkonce.td.*)

.rela.tdata
 *(.rela.tdata .rela.tdata.* .rela.gnu.linkonce.td.*)

.rel.tbss
 *(.rel.tbss .rel.tbss.* .rel.gnu.linkonce.tb.*)

.rela.tbss
 *(.rela.tbss .rela.tbss.* .rela.gnu.linkonce.tb.*)

.rel.ctors
 *(.rel.ctors)

.rela.ctors
 *(.rela.ctors)

.rel.dtors
 *(.rel.dtors)

.rela.dtors
 *(.rela.dtors)

.rel.got
 *(.rel.got)

.rela.got
 *(.rela.got)

.rel.sdata
 *(.rel.sdata .rel.sdata.* .rel.gnu.linkonce.s.*)

.rela.sdata
 *(.rela.sdata .rela.sdata.* .rela.gnu.linkonce.s.*)

.rel.sbss
 *(.rel.sbss .rel.sbss.* .rel.gnu.linkonce.sb.*)

.rela.sbss
 *(.rela.sbss .rela.sbss.* .rela.gnu.linkonce.sb.*)

.rel.sdata2
 *(.rel.sdata2 .rel.sdata2.* .rel.gnu.linkonce.s2.*)

.rela.sdata2
 *(.rela.sdata2 .rela.sdata2.* .rela.gnu.linkonce.s2.*)

.rel.sbss2
 *(.rel.sbss2 .rel.sbss2.* .rel.gnu.linkonce.sb2.*)

.rela.sbss2
 *(.rela.sbss2 .rela.sbss2.* .rela.gnu.linkonce.sb2.*)

.rel.bss
 *(.rel.bss .rel.bss.* .rel.gnu.linkonce.b.*)

.rela.bss
 *(.rela.bss .rela.bss.* .rela.gnu.linkonce.b.*)

.rel.plt
 *(.rel.plt)

.rela.plt
 *(.rela.plt)

.init
 *(.init)

.plt
 *(.plt)

.text           0x000000000000a000     0x3796
 *(.text .stub .text.* .gnu.linkonce.t.*)
 .text          0x000000000000a000       0x40 crt0_ea5.o
                0x000000000000a000                _start
                0x000000000000a036                _init_data
 .text          0x000000000000a040     0x2cd2 main.o
                0x000000000000a082                flashUnlock
                0x000000000000a040                flashReset
                0x000000000000b58e                program
                0x000000000000a83e                cf7WriteSector
                0x000000000000b88a                cf7IdentifyDevice
                0x000000000000a232                cf7WaitForReady
                0x000000000000cce2                bargraph
                0x000000000000a194                flashToggle
                0x000000000000ac22                flashReadStatus
                0x000000000000b3be                flashWriteFast
                0x000000000000a680                cf7ReadSector
                0x000000000000a0a0                cf7Reset
                0x000000000000cc44                my_fast_scrn_scroll
                0x000000000000c3b2                flashSectorErase
                0x000000000000a108                cf7Init
                0x000000000000b248                flashWriteSlow
                0x000000000000b110                flashChipErase
                0x000000000000c290                cf7DetectClassic99
                0x000000000000caee                main
                0x000000000000aac6                flashVerify
                0x000000000000a166                cf7SetAddress
                0x000000000000a048                flashSoftResetAll
                0x000000000000a454                cf7CardError
                0x000000000000c746                testapp
                0x000000000000bd8c                flashReadCfi
                0x000000000000aef8                flashWaitForWrite
 .text          0x000000000000cd12       0xdc /mnt/d/work/ti/libti99/libti99.a(kscanfast.o)
                0x000000000000cd12                kscanfast
                0x000000000000cdbe                keymap
 .text          0x000000000000cdee      0x252 /mnt/d/work/ti/libti99/libti99.a(vdp_printf.o)
                0x000000000000cdee                printf
 .text          0x000000000000d040       0x18 /mnt/d/work/ti/libti99/libti99.a(vdp_puts.o)
                0x000000000000d040                puts
 .text          0x000000000000d058       0x52 /mnt/d/work/ti/libti99/libti99.a(vdp_putchar.o)
                0x000000000000d058                putchar
 .text          0x000000000000d0aa        0x0 /mnt/d/work/ti/libti99/libti99.a(vdp_setmode.o)
 .text          0x000000000000d0aa       0x2a /mnt/d/work/ti/libti99/libti99.a(vdp_memset.o)
                0x000000000000d0aa                vdpmemset
 .text          0x000000000000d0d4       0x1c /mnt/d/work/ti/libti99/libti99.a(vdp_char.o)
                0x000000000000d0d4                vdpchar_default
 .text          0x000000000000d0f0       0x38 /mnt/d/work/ti/libti99/libti99.a(str_memcmp.o)
                0x000000000000d0f0                memcmp
 .text          0x000000000000d128       0x16 /mnt/d/work/ti/libti99/libti99.a(str_memset.o)
                0x000000000000d128                memset
 .text          0x000000000000d13e       0x1c /mnt/d/work/ti/libti99/libti99.a(str_memcpy.o)
                0x000000000000d13e                memcpy
 .text          0x000000000000d15a       0x80 /mnt/d/work/ti/libti99/libti99.a(vdp_settext.o)
                0x000000000000d15a                set_text_raw
                0x000000000000d1bc                set_text
 .text          0x000000000000d1da      0x126 /mnt/d/work/ti/libti99/libti99.a(vdp_charsetlc.o)
                0x000000000000d208                TrueLowerCase
                0x000000000000d1da                charsetlc
 .text          0x000000000000d300       0x2c /mnt/d/work/ti/libti99/libti99.a(vdp_memcpy.o)
                0x000000000000d300                vdpmemcpy
 .text          0x000000000000d32c      0x106 /mnt/d/work/ti/libti99/libti99.a(vdp_scrnscroll.o)
                0x000000000000d32c                scrn_scroll_default
 .text          0x000000000000d432        0x0 /mnt/d/work/ti/libti99/libti99.a(vdp_textdefs.o)
 .text          0x000000000000d432        0x0 /mnt/d/work/ti/libti99/libti99.a(vdp_bigbuf.o)
 .text          0x000000000000d432       0x26 /mnt/d/work/ti/libti99/libti99.a(vdp_memread.o)
                0x000000000000d432                vdpmemread
 .text          0x000000000000d458       0x6a /mnt/d/work/ti/libti99/libti99.a(str_uint2str.o)
                0x000000000000d458                uint2str
 .text          0x000000000000d4c2       0x22 /mnt/d/work/ti/libti99/libti99.a(str_strlen.o)
                0x000000000000d4c2                strlen
 .text          0x000000000000d4e4       0xbe /mnt/d/work/ti/libti99/libti99.a(str_int2str.o)
                0x000000000000d4e4                int2str
 .text          0x000000000000d5a2       0x5a /mnt/d/work/ti/libti99/libti99.a(vdp_hexprint.o)
                0x000000000000d5a2                hexprint
 .text          0x000000000000d5fc       0x8a /mnt/d/work/ti/libti99/libti99.a(vdp_putstring.o)
                0x000000000000d5fc                putstring
 .text          0x000000000000d686       0x88 /mnt/d/work/ti/libti99/libti99.a(vdp_gplvdp.o)
                0x000000000000d686                gplvdp
 .text          0x000000000000d70e       0x88 /mnt/d/work/ti/libti99/libti99.a(conio_bgcolor.o)
                0x000000000000d792                reverse
                0x000000000000d78e                bordercolor
                0x000000000000d70e                bgcolor
                0x000000000000d74c                textcolor
 *(.gnu.warning)

.fini
 *(.fini)
                0x000000000000d796                PROVIDE (__etext, .)
                0x000000000000d796                PROVIDE (_etext, .)
                0x000000000000d796                PROVIDE (etext, .)

.rodata
 *(.rodata .rodata.* .gnu.linkonce.r.*)

.rodata1
 *(.rodata1)

.sdata2
 *(.sdata2 .sdata2.* .gnu.linkonce.s2.*)

.sbss2
 *(.sbss2 .sbss2.* .gnu.linkonce.sb2.*)

.eh_frame_hdr
 *(.eh_frame_hdr)

.eh_frame
 *(.eh_frame)

.gcc_except_table
 *(.gcc_except_table .gcc_except_table.*)
                0x000000000001af96                . = (ALIGN (0x200) + (. & 0xffffffffffffffff))

.eh_frame
 *(.eh_frame)

.gcc_except_table
 *(.gcc_except_table .gcc_except_table.*)

.tdata
 *(.tdata .tdata.* .gnu.linkonce.td.*)

.tbss
 *(.tbss .tbss.* .gnu.linkonce.tb.*)
 *(.tcommon)

.preinit_array  0x000000000001af96        0x0
                0x000000000001af96                PROVIDE (__preinit_array_start, .)
 *(.preinit_array)
                0x000000000001af96                PROVIDE (__preinit_array_end, .)

.init_array     0x000000000001af96        0x0
                0x000000000001af96                PROVIDE (__init_array_start, .)
 *(SORT(.init_array.*))
 *(.init_array)
                0x000000000001af96                PROVIDE (__init_array_end, .)

.fini_array     0x000000000001af96        0x0
                0x000000000001af96                PROVIDE (__fini_array_start, .)
 *(.fini_array)
 *(SORT(.fini_array.*))
                0x000000000001af96                PROVIDE (__fini_array_end, .)

.ctors
 *crtbegin.o(.ctors)
 *crtbegin?.o(.ctors)
 *(EXCLUDE_FILE(*crtend?.o *crtend.o) .ctors)
 *(SORT(.ctors.*))
 *(.ctors)

.dtors
 *crtbegin.o(.dtors)
 *crtbegin?.o(.dtors)
 *(EXCLUDE_FILE(*crtend?.o *crtend.o) .dtors)
 *(SORT(.dtors.*))
 *(.dtors)

.jcr
 *(.jcr)

.data.rel.ro
 *(.data.rel.ro.local* .gnu.linkonce.d.rel.ro.local.*)
 *(.data.rel.ro* .gnu.linkonce.d.rel.ro.*)

.dynamic
 *(.dynamic)

.data           0x0000000000002080        0xc
 *(.data .data.* .gnu.linkonce.d.*)
 .data          0x0000000000002080        0x0 crt0_ea5.o
 .data          0x0000000000002080        0x0 main.o
 .data          0x0000000000002080        0x0 /mnt/d/work/ti/libti99/libti99.a(kscanfast.o)
 .data          0x0000000000002080        0x0 /mnt/d/work/ti/libti99/libti99.a(vdp_printf.o)
 .data          0x0000000000002080        0x0 /mnt/d/work/ti/libti99/libti99.a(vdp_puts.o)
 .data          0x0000000000002080        0x0 /mnt/d/work/ti/libti99/libti99.a(vdp_putchar.o)
 .data          0x0000000000002080        0x6 /mnt/d/work/ti/libti99/libti99.a(vdp_setmode.o)
                0x0000000000002080                gColor
                0x0000000000002084                gSprite
                0x0000000000002082                gPattern
 .data          0x0000000000002086        0x0 /mnt/d/work/ti/libti99/libti99.a(vdp_memset.o)
 .data          0x0000000000002086        0x2 /mnt/d/work/ti/libti99/libti99.a(vdp_char.o)
                0x0000000000002086                vdpchar
 .data          0x0000000000002088        0x0 /mnt/d/work/ti/libti99/libti99.a(str_memcmp.o)
 .data          0x0000000000002088        0x0 /mnt/d/work/ti/libti99/libti99.a(str_memset.o)
 .data          0x0000000000002088        0x0 /mnt/d/work/ti/libti99/libti99.a(str_memcpy.o)
 .data          0x0000000000002088        0x0 /mnt/d/work/ti/libti99/libti99.a(vdp_settext.o)
 .data          0x0000000000002088        0x0 /mnt/d/work/ti/libti99/libti99.a(vdp_charsetlc.o)
 .data          0x0000000000002088        0x0 /mnt/d/work/ti/libti99/libti99.a(vdp_memcpy.o)
 .data          0x0000000000002088        0x2 /mnt/d/work/ti/libti99/libti99.a(vdp_scrnscroll.o)
                0x0000000000002088                scrn_scroll
 .data          0x000000000000208a        0x0 /mnt/d/work/ti/libti99/libti99.a(vdp_textdefs.o)
 .data          0x000000000000208a        0x0 /mnt/d/work/ti/libti99/libti99.a(vdp_bigbuf.o)
 .data          0x000000000000208a        0x0 /mnt/d/work/ti/libti99/libti99.a(vdp_memread.o)
 .data          0x000000000000208a        0x0 /mnt/d/work/ti/libti99/libti99.a(str_uint2str.o)
 .data          0x000000000000208a        0x0 /mnt/d/work/ti/libti99/libti99.a(str_strlen.o)
 .data          0x000000000000208a        0x0 /mnt/d/work/ti/libti99/libti99.a(str_int2str.o)
 .data          0x000000000000208a        0x0 /mnt/d/work/ti/libti99/libti99.a(vdp_hexprint.o)
 .data          0x000000000000208a        0x0 /mnt/d/work/ti/libti99/libti99.a(vdp_putstring.o)
 .data          0x000000000000208a        0x0 /mnt/d/work/ti/libti99/libti99.a(vdp_gplvdp.o)
 .data          0x000000000000208a        0x2 /mnt/d/work/ti/libti99/libti99.a(conio_bgcolor.o)
                0x000000000000208a                conio_scrnCol

.data1
 *(.data1)

.got
 *(.got.plt)
 *(.got)

.sdata
 *(.sdata .sdata.* .gnu.linkonce.s.*)
                0x000000000000208c                _edata = .
                0x000000000000208c                PROVIDE (edata, .)
                0x000000000000208c                __bss_start = .

.sbss
 *(.dynsbss)
 *(.sbss .sbss.* .gnu.linkonce.sb.*)
 *(.scommon)

.bss            0x000000000000208c      0x31c
 *(.dynbss)
 *(.bss .bss.* .gnu.linkonce.b.*)
 .bss           0x000000000000208c        0x0 crt0_ea5.o
 .bss           0x000000000000208c      0x202 main.o
                0x000000000000208e                buffer
                0x000000000000208c                CF7Classic99
 .bss           0x000000000000228e        0x0 /mnt/d/work/ti/libti99/libti99.a(kscanfast.o)
 .bss           0x000000000000228e        0x0 /mnt/d/work/ti/libti99/libti99.a(vdp_printf.o)
 .bss           0x000000000000228e        0x0 /mnt/d/work/ti/libti99/libti99.a(vdp_puts.o)
 .bss           0x000000000000228e        0x0 /mnt/d/work/ti/libti99/libti99.a(vdp_putchar.o)
 .bss           0x000000000000228e        0x4 /mnt/d/work/ti/libti99/libti99.a(vdp_setmode.o)
                0x000000000000228e                gImage
                0x0000000000002290                gSpritePat
 .bss           0x0000000000002292        0x0 /mnt/d/work/ti/libti99/libti99.a(vdp_memset.o)
 .bss           0x0000000000002292        0x0 /mnt/d/work/ti/libti99/libti99.a(vdp_char.o)
 .bss           0x0000000000002292        0x0 /mnt/d/work/ti/libti99/libti99.a(str_memcmp.o)
 .bss           0x0000000000002292        0x0 /mnt/d/work/ti/libti99/libti99.a(str_memset.o)
 .bss           0x0000000000002292        0x0 /mnt/d/work/ti/libti99/libti99.a(str_memcpy.o)
 .bss           0x0000000000002292        0x0 /mnt/d/work/ti/libti99/libti99.a(vdp_settext.o)
 .bss           0x0000000000002292        0x0 /mnt/d/work/ti/libti99/libti99.a(vdp_charsetlc.o)
 .bss           0x0000000000002292        0x0 /mnt/d/work/ti/libti99/libti99.a(vdp_memcpy.o)
 .bss           0x0000000000002292        0x0 /mnt/d/work/ti/libti99/libti99.a(vdp_scrnscroll.o)
 .bss           0x0000000000002292        0x6 /mnt/d/work/ti/libti99/libti99.a(vdp_textdefs.o)
                0x0000000000002292                nTextRow
                0x0000000000002294                nTextEnd
                0x0000000000002296                nTextPos
 .bss           0x0000000000002298      0x100 /mnt/d/work/ti/libti99/libti99.a(vdp_bigbuf.o)
                0x0000000000002298                vdp_bigbuf
 .bss           0x0000000000002398        0x0 /mnt/d/work/ti/libti99/libti99.a(vdp_memread.o)
 .bss           0x0000000000002398        0x8 /mnt/d/work/ti/libti99/libti99.a(str_uint2str.o)
 .bss           0x00000000000023a0        0x0 /mnt/d/work/ti/libti99/libti99.a(str_strlen.o)
 .bss           0x00000000000023a0        0x8 /mnt/d/work/ti/libti99/libti99.a(str_int2str.o)
 .bss           0x00000000000023a8        0x0 /mnt/d/work/ti/libti99/libti99.a(vdp_hexprint.o)
 .bss           0x00000000000023a8        0x0 /mnt/d/work/ti/libti99/libti99.a(vdp_putstring.o)
 .bss           0x00000000000023a8        0x0 /mnt/d/work/ti/libti99/libti99.a(vdp_gplvdp.o)
 .bss           0x00000000000023a8        0x0 /mnt/d/work/ti/libti99/libti99.a(conio_bgcolor.o)
 *(COMMON)
                0x00000000000023a8                . = ALIGN ((. != 0x0)?0x4:0x1)
                0x00000000000023a8                . = ALIGN (0x4)
                0x00000000000023a8                . = ALIGN (0x4)
                0x00000000000023a8                _end = .
                0x00000000000023a8                PROVIDE (end, .)

.stab
 *(.stab)

.stabstr
 *(.stabstr)

.stab.excl
 *(.stab.excl)

.stab.exclstr
 *(.stab.exclstr)

.stab.index
 *(.stab.index)

.stab.indexstr
 *(.stab.indexstr)

.comment
 *(.comment)

.debug
 *(.debug)

.line
 *(.line)

.debug_srcinfo
 *(.debug_srcinfo)

.debug_sfnames
 *(.debug_sfnames)

.debug_aranges
 *(.debug_aranges)

.debug_pubnames
 *(.debug_pubnames)

.debug_info
 *(.debug_info .gnu.linkonce.wi.*)

.debug_abbrev
 *(.debug_abbrev)

.debug_line
 *(.debug_line)

.debug_frame
 *(.debug_frame)

.debug_str
 *(.debug_str)

.debug_loc
 *(.debug_loc)

.debug_macinfo
 *(.debug_macinfo)

.debug_weaknames
 *(.debug_weaknames)

.debug_funcnames
 *(.debug_funcnames)

.debug_typenames
 *(.debug_typenames)

.debug_varnames
 *(.debug_varnames)

.debug_pubtypes
 *(.debug_pubtypes)

.debug_ranges
 *(.debug_ranges)

.gnu.attributes
 *(.gnu.attributes)

/DISCARD/
 *(.note.GNU-stack)
 *(.gnu_debuglink)
OUTPUT(cartwrite.ea5.elf elf32-tms9900)
