Archive member included because of file (symbol)

/mnt/d/work/ti/libti99/libti99.a(vdp_printf.o)
                              main.o (printf)
/mnt/d/work/ti/libti99/libti99.a(kscanfast.o)
                              main.o (kscanfast)
/mnt/d/work/ti/libti99/libti99.a(vdp_puts.o)
                              main.o (puts)
/mnt/d/work/ti/libti99/libti99.a(vdp_putchar.o)
                              main.o (putchar)
/mnt/d/work/ti/libti99/libti99.a(vdp_settext.o)
                              main.o (set_text_raw)
/mnt/d/work/ti/libti99/libti99.a(vdp_charsetlc.o)
                              main.o (charsetlc)
/mnt/d/work/ti/libti99/libti99.a(vdp_setmode.o)
                              /mnt/d/work/ti/libti99/libti99.a(vdp_settext.o) (gImage)
/mnt/d/work/ti/libti99/libti99.a(vdp_memset.o)
                              main.o (vdpmemset)
/mnt/d/work/ti/libti99/libti99.a(str_uint2str.o)
                              /mnt/d/work/ti/libti99/libti99.a(vdp_printf.o) (uint2str)
/mnt/d/work/ti/libti99/libti99.a(str_strlen.o)
                              /mnt/d/work/ti/libti99/libti99.a(vdp_printf.o) (strlen)
/mnt/d/work/ti/libti99/libti99.a(str_int2str.o)
                              /mnt/d/work/ti/libti99/libti99.a(vdp_printf.o) (int2str)
/mnt/d/work/ti/libti99/libti99.a(vdp_hexprint.o)
                              /mnt/d/work/ti/libti99/libti99.a(vdp_printf.o) (hexprint)
/mnt/d/work/ti/libti99/libti99.a(vdp_putstring.o)
                              /mnt/d/work/ti/libti99/libti99.a(vdp_puts.o) (putstring)
/mnt/d/work/ti/libti99/libti99.a(vdp_textdefs.o)
                              /mnt/d/work/ti/libti99/libti99.a(vdp_putchar.o) (nTextRow)
/mnt/d/work/ti/libti99/libti99.a(vdp_char.o)
                              /mnt/d/work/ti/libti99/libti99.a(vdp_settext.o) (vdpchar_default)
/mnt/d/work/ti/libti99/libti99.a(vdp_scrnscroll.o)
                              /mnt/d/work/ti/libti99/libti99.a(vdp_putchar.o) (scrn_scroll)
/mnt/d/work/ti/libti99/libti99.a(vdp_fastscrnscroll_default.o)
                              /mnt/d/work/ti/libti99/libti99.a(vdp_settext.o) (fast_scrn_scroll_default)
/mnt/d/work/ti/libti99/libti99.a(vdp_fastscrnscroll.o)
                              /mnt/d/work/ti/libti99/libti99.a(vdp_settext.o) (fast_scrn_scroll)
/mnt/d/work/ti/libti99/libti99.a(vdp_memcpy.o)
                              /mnt/d/work/ti/libti99/libti99.a(vdp_charsetlc.o) (vdpmemcpy)
/mnt/d/work/ti/libti99/libti99.a(vdp_gplvdp.o)
                              /mnt/d/work/ti/libti99/libti99.a(vdp_charsetlc.o) (gplvdp)
/mnt/d/work/ti/libti99/libti99.a(vdp_memread.o)
                              /mnt/d/work/ti/libti99/libti99.a(vdp_scrnscroll.o) (vdpmemread)
/mnt/d/work/ti/libti99/libti99.a(conio_bgcolor.o)
                              /mnt/d/work/ti/libti99/libti99.a(vdp_scrnscroll.o) (conio_scrnCol)
/mnt/d/work/ti/libti99/libti99.a(vdp_bigbuf.o)
                              /mnt/d/work/ti/libti99/libti99.a(vdp_fastscrnscroll_default.o) (vdp_bigbuf)

Memory Configuration

Name             Origin             Length             Attributes
*default*        0x0000000000000000 0xffffffffffffffff

Linker script and memory map

LOAD crt0_ea5.o
LOAD main.o
LOAD /mnt/d/work/ti/libti99/libti99.a
Address of section .text set to 0xa000
Address of section .data set to 0x2080
                0x000000000000a000                PROVIDE (__executable_start, 0xa000)
                0x000000000000a074                . = (0xa000 + SIZEOF_HEADERS)

.interp
 *(.interp)

.note.gnu.build-id
 *(.note.gnu.build-id)

.hash
 *(.hash)

.gnu.hash
 *(.gnu.hash)

.dynsym
 *(.dynsym)

.dynstr
 *(.dynstr)

.gnu.version
 *(.gnu.version)

.gnu.version_d
 *(.gnu.version_d)

.gnu.version_r
 *(.gnu.version_r)

.rel.init
 *(.rel.init)

.rela.init
 *(.rela.init)

.rel.text
 *(.rel.text .rel.text.* .rel.gnu.linkonce.t.*)

.rela.text
 *(.rela.text .rela.text.* .rela.gnu.linkonce.t.*)

.rel.fini
 *(.rel.fini)

.rela.fini
 *(.rela.fini)

.rel.rodata
 *(.rel.rodata .rel.rodata.* .rel.gnu.linkonce.r.*)

.rela.rodata
 *(.rela.rodata .rela.rodata.* .rela.gnu.linkonce.r.*)

.rel.data.rel.ro
 *(.rel.data.rel.ro* .rel.gnu.linkonce.d.rel.ro.*)

.rela.data.rel.ro
 *(.rela.data.rel.ro* .rela.gnu.linkonce.d.rel.ro.*)

.rel.data
 *(.rel.data .rel.data.* .rel.gnu.linkonce.d.*)

.rela.data
 *(.rela.data .rela.data.* .rela.gnu.linkonce.d.*)

.rel.tdata
 *(.rel.tdata .rel.tdata.* .rel.gnu.linkonce.td.*)

.rela.tdata
 *(.rela.tdata .rela.tdata.* .rela.gnu.linkonce.td.*)

.rel.tbss
 *(.rel.tbss .rel.tbss.* .rel.gnu.linkonce.tb.*)

.rela.tbss
 *(.rela.tbss .rela.tbss.* .rela.gnu.linkonce.tb.*)

.rel.ctors
 *(.rel.ctors)

.rela.ctors
 *(.rela.ctors)

.rel.dtors
 *(.rel.dtors)

.rela.dtors
 *(.rela.dtors)

.rel.got
 *(.rel.got)

.rela.got
 *(.rela.got)

.rel.sdata
 *(.rel.sdata .rel.sdata.* .rel.gnu.linkonce.s.*)

.rela.sdata
 *(.rela.sdata .rela.sdata.* .rela.gnu.linkonce.s.*)

.rel.sbss
 *(.rel.sbss .rel.sbss.* .rel.gnu.linkonce.sb.*)

.rela.sbss
 *(.rela.sbss .rela.sbss.* .rela.gnu.linkonce.sb.*)

.rel.sdata2
 *(.rel.sdata2 .rel.sdata2.* .rel.gnu.linkonce.s2.*)

.rela.sdata2
 *(.rela.sdata2 .rela.sdata2.* .rela.gnu.linkonce.s2.*)

.rel.sbss2
 *(.rel.sbss2 .rel.sbss2.* .rel.gnu.linkonce.sb2.*)

.rela.sbss2
 *(.rela.sbss2 .rela.sbss2.* .rela.gnu.linkonce.sb2.*)

.rel.bss
 *(.rel.bss .rel.bss.* .rel.gnu.linkonce.b.*)

.rela.bss
 *(.rela.bss .rela.bss.* .rela.gnu.linkonce.b.*)

.rel.plt
 *(.rel.plt)

.rela.plt
 *(.rela.plt)

.init
 *(.init)

.plt
 *(.plt)

.text           0x000000000000a000     0x270c
 *(.text .stub .text.* .gnu.linkonce.t.*)
 .text          0x000000000000a000       0x40 crt0_ea5.o
                0x000000000000a000                _start
                0x000000000000a036                _init_data
 .text          0x000000000000a040     0x1c20 main.o
                0x000000000000a048                flashUnlock
                0x000000000000a040                flashReset
                0x000000000000a594                cf7WriteSector
                0x000000000000a8f2                cf7IdentifyDevice
                0x000000000000a188                cf7WaitForReady
                0x000000000000af36                flashWriteFast
                0x000000000000a732                cf7ReadSector
                0x000000000000a060                cf7Reset
                0x000000000000acf4                flashSectorErase
                0x000000000000a09c                cf7Init
                0x000000000000add6                flashWriteSlow
                0x000000000000ac4c                flashChipErase
                0x000000000000b970                main
                0x000000000000a0f2                cf7SetAddress
                0x000000000000a3aa                cf7CardError
                0x000000000000b342                flashReadCfi
                0x000000000000ab2e                flashWaitForWrite
 .text          0x000000000000bc60      0x252 /mnt/d/work/ti/libti99/libti99.a(vdp_printf.o)
                0x000000000000bc60                printf
 .text          0x000000000000beb2       0xdc /mnt/d/work/ti/libti99/libti99.a(kscanfast.o)
                0x000000000000beb2                kscanfast
                0x000000000000bf5e                keymap
 .text          0x000000000000bf8e       0x18 /mnt/d/work/ti/libti99/libti99.a(vdp_puts.o)
                0x000000000000bf8e                puts
 .text          0x000000000000bfa6       0x50 /mnt/d/work/ti/libti99/libti99.a(vdp_putchar.o)
                0x000000000000bfa6                putchar
 .text          0x000000000000bff6       0x80 /mnt/d/work/ti/libti99/libti99.a(vdp_settext.o)
                0x000000000000bff6                set_text_raw
                0x000000000000c058                set_text
 .text          0x000000000000c076      0x126 /mnt/d/work/ti/libti99/libti99.a(vdp_charsetlc.o)
                0x000000000000c0a4                TrueLowerCase
                0x000000000000c076                charsetlc
 .text          0x000000000000c19c        0x0 /mnt/d/work/ti/libti99/libti99.a(vdp_setmode.o)
 .text          0x000000000000c19c       0x2a /mnt/d/work/ti/libti99/libti99.a(vdp_memset.o)
                0x000000000000c19c                vdpmemset
 .text          0x000000000000c1c6       0x6a /mnt/d/work/ti/libti99/libti99.a(str_uint2str.o)
                0x000000000000c1c6                uint2str
 .text          0x000000000000c230       0x22 /mnt/d/work/ti/libti99/libti99.a(str_strlen.o)
                0x000000000000c230                strlen
 .text          0x000000000000c252       0xbe /mnt/d/work/ti/libti99/libti99.a(str_int2str.o)
                0x000000000000c252                int2str
 .text          0x000000000000c310       0x5a /mnt/d/work/ti/libti99/libti99.a(vdp_hexprint.o)
                0x000000000000c310                hexprint
 .text          0x000000000000c36a       0x84 /mnt/d/work/ti/libti99/libti99.a(vdp_putstring.o)
                0x000000000000c36a                putstring
 .text          0x000000000000c3ee        0x0 /mnt/d/work/ti/libti99/libti99.a(vdp_textdefs.o)
 .text          0x000000000000c3ee       0x1c /mnt/d/work/ti/libti99/libti99.a(vdp_char.o)
                0x000000000000c3ee                vdpchar_default
 .text          0x000000000000c40a      0x106 /mnt/d/work/ti/libti99/libti99.a(vdp_scrnscroll.o)
                0x000000000000c40a                scrn_scroll
 .text          0x000000000000c510       0x9a /mnt/d/work/ti/libti99/libti99.a(vdp_fastscrnscroll_default.o)
                0x000000000000c510                fast_scrn_scroll_default
 .text          0x000000000000c5aa        0x0 /mnt/d/work/ti/libti99/libti99.a(vdp_fastscrnscroll.o)
 .text          0x000000000000c5aa       0x2c /mnt/d/work/ti/libti99/libti99.a(vdp_memcpy.o)
                0x000000000000c5aa                vdpmemcpy
 .text          0x000000000000c5d6       0x88 /mnt/d/work/ti/libti99/libti99.a(vdp_gplvdp.o)
                0x000000000000c5d6                gplvdp
 .text          0x000000000000c65e       0x26 /mnt/d/work/ti/libti99/libti99.a(vdp_memread.o)
                0x000000000000c65e                vdpmemread
 .text          0x000000000000c684       0x88 /mnt/d/work/ti/libti99/libti99.a(conio_bgcolor.o)
                0x000000000000c708                reverse
                0x000000000000c704                bordercolor
                0x000000000000c684                bgcolor
                0x000000000000c6c2                textcolor
 .text          0x000000000000c70c        0x0 /mnt/d/work/ti/libti99/libti99.a(vdp_bigbuf.o)
 *(.gnu.warning)

.fini
 *(.fini)
                0x000000000000c70c                PROVIDE (__etext, .)
                0x000000000000c70c                PROVIDE (_etext, .)
                0x000000000000c70c                PROVIDE (etext, .)

.rodata
 *(.rodata .rodata.* .gnu.linkonce.r.*)

.rodata1
 *(.rodata1)

.sdata2
 *(.sdata2 .sdata2.* .gnu.linkonce.s2.*)

.sbss2
 *(.sbss2 .sbss2.* .gnu.linkonce.sb2.*)

.eh_frame_hdr
 *(.eh_frame_hdr)

.eh_frame
 *(.eh_frame)

.gcc_except_table
 *(.gcc_except_table .gcc_except_table.*)
                0x0000000000018f0c                . = (ALIGN (0x200) + (. & 0xffffffffffffffff))

.eh_frame
 *(.eh_frame)

.gcc_except_table
 *(.gcc_except_table .gcc_except_table.*)

.tdata
 *(.tdata .tdata.* .gnu.linkonce.td.*)

.tbss
 *(.tbss .tbss.* .gnu.linkonce.tb.*)
 *(.tcommon)

.preinit_array  0x0000000000018f0c        0x0
                0x0000000000018f0c                PROVIDE (__preinit_array_start, .)
 *(.preinit_array)
                0x0000000000018f0c                PROVIDE (__preinit_array_end, .)

.init_array     0x0000000000018f0c        0x0
                0x0000000000018f0c                PROVIDE (__init_array_start, .)
 *(SORT(.init_array.*))
 *(.init_array)
                0x0000000000018f0c                PROVIDE (__init_array_end, .)

.fini_array     0x0000000000018f0c        0x0
                0x0000000000018f0c                PROVIDE (__fini_array_start, .)
 *(.fini_array)
 *(SORT(.fini_array.*))
                0x0000000000018f0c                PROVIDE (__fini_array_end, .)

.ctors
 *crtbegin.o(.ctors)
 *crtbegin?.o(.ctors)
 *(EXCLUDE_FILE(*crtend?.o *crtend.o) .ctors)
 *(SORT(.ctors.*))
 *(.ctors)

.dtors
 *crtbegin.o(.dtors)
 *crtbegin?.o(.dtors)
 *(EXCLUDE_FILE(*crtend?.o *crtend.o) .dtors)
 *(SORT(.dtors.*))
 *(.dtors)

.jcr
 *(.jcr)

.data.rel.ro
 *(.data.rel.ro.local* .gnu.linkonce.d.rel.ro.local.*)
 *(.data.rel.ro* .gnu.linkonce.d.rel.ro.*)

.dynamic
 *(.dynamic)

.data           0x0000000000002080        0xa
 *(.data .data.* .gnu.linkonce.d.*)
 .data          0x0000000000002080        0x0 crt0_ea5.o
 .data          0x0000000000002080        0x0 main.o
 .data          0x0000000000002080        0x0 /mnt/d/work/ti/libti99/libti99.a(vdp_printf.o)
 .data          0x0000000000002080        0x0 /mnt/d/work/ti/libti99/libti99.a(kscanfast.o)
 .data          0x0000000000002080        0x0 /mnt/d/work/ti/libti99/libti99.a(vdp_puts.o)
 .data          0x0000000000002080        0x0 /mnt/d/work/ti/libti99/libti99.a(vdp_putchar.o)
 .data          0x0000000000002080        0x0 /mnt/d/work/ti/libti99/libti99.a(vdp_settext.o)
 .data          0x0000000000002080        0x0 /mnt/d/work/ti/libti99/libti99.a(vdp_charsetlc.o)
 .data          0x0000000000002080        0x6 /mnt/d/work/ti/libti99/libti99.a(vdp_setmode.o)
                0x0000000000002080                gColor
                0x0000000000002084                gSprite
                0x0000000000002082                gPattern
 .data          0x0000000000002086        0x0 /mnt/d/work/ti/libti99/libti99.a(vdp_memset.o)
 .data          0x0000000000002086        0x0 /mnt/d/work/ti/libti99/libti99.a(str_uint2str.o)
 .data          0x0000000000002086        0x0 /mnt/d/work/ti/libti99/libti99.a(str_strlen.o)
 .data          0x0000000000002086        0x0 /mnt/d/work/ti/libti99/libti99.a(str_int2str.o)
 .data          0x0000000000002086        0x0 /mnt/d/work/ti/libti99/libti99.a(vdp_hexprint.o)
 .data          0x0000000000002086        0x0 /mnt/d/work/ti/libti99/libti99.a(vdp_putstring.o)
 .data          0x0000000000002086        0x0 /mnt/d/work/ti/libti99/libti99.a(vdp_textdefs.o)
 .data          0x0000000000002086        0x2 /mnt/d/work/ti/libti99/libti99.a(vdp_char.o)
                0x0000000000002086                vdpchar
 .data          0x0000000000002088        0x0 /mnt/d/work/ti/libti99/libti99.a(vdp_scrnscroll.o)
 .data          0x0000000000002088        0x0 /mnt/d/work/ti/libti99/libti99.a(vdp_fastscrnscroll_default.o)
 .data          0x0000000000002088        0x0 /mnt/d/work/ti/libti99/libti99.a(vdp_fastscrnscroll.o)
 .data          0x0000000000002088        0x0 /mnt/d/work/ti/libti99/libti99.a(vdp_memcpy.o)
 .data          0x0000000000002088        0x0 /mnt/d/work/ti/libti99/libti99.a(vdp_gplvdp.o)
 .data          0x0000000000002088        0x0 /mnt/d/work/ti/libti99/libti99.a(vdp_memread.o)
 .data          0x0000000000002088        0x2 /mnt/d/work/ti/libti99/libti99.a(conio_bgcolor.o)
                0x0000000000002088                conio_scrnCol
 .data          0x000000000000208a        0x0 /mnt/d/work/ti/libti99/libti99.a(vdp_bigbuf.o)

.data1
 *(.data1)

.got
 *(.got.plt)
 *(.got)

.sdata
 *(.sdata .sdata.* .gnu.linkonce.s.*)
                0x000000000000208a                _edata = .
                0x000000000000208a                PROVIDE (edata, .)
                0x000000000000208a                __bss_start = .

.sbss
 *(.dynsbss)
 *(.sbss .sbss.* .gnu.linkonce.sb.*)
 *(.scommon)

.bss            0x000000000000208a      0x31e
 *(.dynbss)
 *(.bss .bss.* .gnu.linkonce.b.*)
 .bss           0x000000000000208a        0x0 crt0_ea5.o
 .bss           0x000000000000208a      0x200 main.o
                0x000000000000208a                buffer
 .bss           0x000000000000228a        0x0 /mnt/d/work/ti/libti99/libti99.a(vdp_printf.o)
 .bss           0x000000000000228a        0x0 /mnt/d/work/ti/libti99/libti99.a(kscanfast.o)
 .bss           0x000000000000228a        0x0 /mnt/d/work/ti/libti99/libti99.a(vdp_puts.o)
 .bss           0x000000000000228a        0x0 /mnt/d/work/ti/libti99/libti99.a(vdp_putchar.o)
 .bss           0x000000000000228a        0x0 /mnt/d/work/ti/libti99/libti99.a(vdp_settext.o)
 .bss           0x000000000000228a        0x0 /mnt/d/work/ti/libti99/libti99.a(vdp_charsetlc.o)
 .bss           0x000000000000228a        0x4 /mnt/d/work/ti/libti99/libti99.a(vdp_setmode.o)
                0x000000000000228a                gImage
                0x000000000000228c                gSpritePat
 .bss           0x000000000000228e        0x0 /mnt/d/work/ti/libti99/libti99.a(vdp_memset.o)
 .bss           0x000000000000228e        0x8 /mnt/d/work/ti/libti99/libti99.a(str_uint2str.o)
 .bss           0x0000000000002296        0x0 /mnt/d/work/ti/libti99/libti99.a(str_strlen.o)
 .bss           0x0000000000002296        0x8 /mnt/d/work/ti/libti99/libti99.a(str_int2str.o)
 .bss           0x000000000000229e        0x0 /mnt/d/work/ti/libti99/libti99.a(vdp_hexprint.o)
 .bss           0x000000000000229e        0x0 /mnt/d/work/ti/libti99/libti99.a(vdp_putstring.o)
 .bss           0x000000000000229e        0x6 /mnt/d/work/ti/libti99/libti99.a(vdp_textdefs.o)
                0x000000000000229e                nTextRow
                0x00000000000022a0                nTextEnd
                0x00000000000022a2                nTextPos
 .bss           0x00000000000022a4        0x0 /mnt/d/work/ti/libti99/libti99.a(vdp_char.o)
 .bss           0x00000000000022a4        0x0 /mnt/d/work/ti/libti99/libti99.a(vdp_scrnscroll.o)
 .bss           0x00000000000022a4        0x0 /mnt/d/work/ti/libti99/libti99.a(vdp_fastscrnscroll_default.o)
 .bss           0x00000000000022a4        0x2 /mnt/d/work/ti/libti99/libti99.a(vdp_fastscrnscroll.o)
                0x00000000000022a4                fast_scrn_scroll
 .bss           0x00000000000022a6        0x0 /mnt/d/work/ti/libti99/libti99.a(vdp_memcpy.o)
 .bss           0x00000000000022a6        0x0 /mnt/d/work/ti/libti99/libti99.a(vdp_gplvdp.o)
 .bss           0x00000000000022a6        0x0 /mnt/d/work/ti/libti99/libti99.a(vdp_memread.o)
 .bss           0x00000000000022a6        0x0 /mnt/d/work/ti/libti99/libti99.a(conio_bgcolor.o)
 .bss           0x00000000000022a6      0x100 /mnt/d/work/ti/libti99/libti99.a(vdp_bigbuf.o)
                0x00000000000022a6                vdp_bigbuf
 *(COMMON)
                0x00000000000023a8                . = ALIGN ((. != 0x0)?0x4:0x1)
 *fill*         0x00000000000023a6        0x2 00
                0x00000000000023a8                . = ALIGN (0x4)
                0x00000000000023a8                . = ALIGN (0x4)
                0x00000000000023a8                _end = .
                0x00000000000023a8                PROVIDE (end, .)

.stab
 *(.stab)

.stabstr
 *(.stabstr)

.stab.excl
 *(.stab.excl)

.stab.exclstr
 *(.stab.exclstr)

.stab.index
 *(.stab.index)

.stab.indexstr
 *(.stab.indexstr)

.comment
 *(.comment)

.debug
 *(.debug)

.line
 *(.line)

.debug_srcinfo
 *(.debug_srcinfo)

.debug_sfnames
 *(.debug_sfnames)

.debug_aranges
 *(.debug_aranges)

.debug_pubnames
 *(.debug_pubnames)

.debug_info
 *(.debug_info .gnu.linkonce.wi.*)

.debug_abbrev
 *(.debug_abbrev)

.debug_line
 *(.debug_line)

.debug_frame
 *(.debug_frame)

.debug_str
 *(.debug_str)

.debug_loc
 *(.debug_loc)

.debug_macinfo
 *(.debug_macinfo)

.debug_weaknames
 *(.debug_weaknames)

.debug_funcnames
 *(.debug_funcnames)

.debug_typenames
 *(.debug_typenames)

.debug_varnames
 *(.debug_varnames)

.debug_pubtypes
 *(.debug_pubtypes)

.debug_ranges
 *(.debug_ranges)

.gnu.attributes
 *(.gnu.attributes)

/DISCARD/
 *(.note.GNU-stack)
 *(.gnu_debuglink)
OUTPUT(cartwrite.ea5.elf elf32-tms9900)
